// Jest Snapshot v1, https://goo.gl/fbAQLP

exports[`Merge 1`] = `
Object {
  "payload": Object {
    "8SRWeEbbSwKkZYy8f": Object {
      "data": Object {
        "cjstg1ht300003f6ntk7p7p86": Object {
          "id": "cjstg1ht300003f6ntk7p7p86",
          "msg": "b",
          "order": 1,
          "user": "Anna",
        },
      },
    },
    "Dt39sCkvuZC7Ew8iB": Object {
      "data": Object {
        "cjstg1gfi00003f6n732zj0x3": Object {
          "id": "cjstg1gfi00003f6n732zj0x3",
          "msg": "a",
          "order": 1,
          "user": "Chen Li",
        },
      },
    },
    "fhCWLQBNJzt8LeQqX": Object {
      "data": Object {
        "cjstg1ija00003f6ndcozph3k": Object {
          "id": "cjstg1ija00003f6ndcozph3k",
          "msg": "c",
          "order": 1,
          "user": "Aliya",
        },
      },
    },
    "mxJdzWBAfLWJxGF8e": Object {
      "data": Object {
        "cjstg1jfi00003f6n01s6ozl2": Object {
          "id": "cjstg1jfi00003f6n01s6ozl2",
          "msg": "d",
          "order": 1,
          "user": "Peter",
        },
      },
    },
  },
  "structure": "individual",
}
`;

exports[`Merge when empty are not empty 1`] = `
Object {
  "payload": Object {
    "8SRWeEbbSwKkZYy8f": Object {
      "data": Object {
        "alert": false,
        "answers": Object {
          "8SRWeEbbSwKkZYy8f": Object {
            "Command Line": 3,
            "Drag and Drop": 1,
            "Form": 2,
            "Map": 4,
          },
        },
        "completed": true,
        "coordinates": Object {
          "x": 6.4,
          "y": -1.6,
        },
        "group": Object {
          "8SRWeEbbSwKkZYy8f": "Anna",
        },
        "msg": "Anna ranked the interfaces in the following order: Drag and Drop, Form, Command Line, Map",
        "round": 1,
      },
    },
    "Dt39sCkvuZC7Ew8iB": Object {
      "data": Object {
        "alert": false,
        "answers": Object {
          "Dt39sCkvuZC7Ew8iB": Object {
            "Command Line": 2,
            "Drag and Drop": 3,
            "Form": 4,
            "Map": 1,
          },
        },
        "completed": true,
        "coordinates": Object {
          "x": -6.4,
          "y": -3.2,
        },
        "group": Object {
          "Dt39sCkvuZC7Ew8iB": "Chen Li",
        },
        "msg": "Chen Li ranked the interfaces in the following order: Map, Command Line, Drag and Drop, Form",
        "round": 1,
      },
    },
    "fhCWLQBNJzt8LeQqX": Object {
      "data": Object {
        "answers": Object {},
        "group": Object {},
        "msg": "Uh Oh !! The student assigned to work with you has not completed the previous activity. If he still does not participate, you could discuss with your fellow student sitting next to you.",
        "round": 0,
      },
    },
    "mxJdzWBAfLWJxGF8e": Object {
      "data": Object {
        "alert": false,
        "answers": Object {
          "mxJdzWBAfLWJxGF8e": Object {
            "Command Line": 2,
            "Drag and Drop": 3,
            "Form": 4,
            "Map": 1,
          },
        },
        "completed": true,
        "coordinates": Object {
          "x": -6.4,
          "y": -3.2,
        },
        "group": Object {
          "mxJdzWBAfLWJxGF8e": "Peter",
        },
        "msg": "Peter ranked the interfaces in the following order: Map, Command Line, Drag and Drop, Form",
        "round": 1,
      },
    },
  },
  "structure": "individual",
}
`;
